2026-09-09 11:11:11.468 INFO   Freerouting v2.4.1 (build-date: 2026-09-03)
2026-09-09 11:11:12.938 INFO   [2B79E8\6EA668] Loading board file 'inicio.dsn'...
2026-09-09 11:11:13.054 INFO   [2B79E8\6EA668] Job '2B79E8\6EA668' started at 2026-09-09T14:11:13.054059Z.
2026-09-09 11:11:13.148 INFO   [2B79E8\6EA668] Fanout stage is enabled but skipped because the board has no SMD pins.
2026-09-09 11:11:13.164 INFO   [2B79E8\6EA668] Auto-routing stage started on board 'bd3d267c52baf97c86bc52076ab67dcf' for 52 unrouted items.
2026-09-09 11:11:16.957 INFO   [2B79E8\6EA668] Auto-routing pass #1 on board 'bd3d267c52baf97c86bc52076ab67dcf' was completed in 3.74 seconds with score 894.73 (6 unrouted and 0 violations), using 2.41 CPU seconds and the job allocated 6.57 GB of memory so far.
2026-09-09 11:11:18.405 INFO   [2B79E8\6EA668] Auto-routing pass #2 on board '5fa325f85dcdc2dd142ba71c40e5d988' was completed in 1.39 seconds with score 947.36 (3 unrouted and 0 violations), using 3.80 CPU seconds and the job allocated 11.23 GB of memory so far.
2026-09-09 11:11:19.331 INFO   [2B79E8\6EA668] Auto-routing pass #3 on board 'f88ac0972953f984b00caa00cfd46d90' was completed in 0.87 seconds with score 964.91 (2 unrouted and 0 violations), using 4.55 CPU seconds and the job allocated 13.58 GB of memory so far.
2026-09-09 11:11:20.608 INFO   [2B79E8\6EA668] Auto-routing pass #4 on board '93c4ea0d7d8e3d1cb6999e201b504bd4' was completed in 1.23 seconds with score 947.36 (3 unrouted and 0 violations), using 5.41 CPU seconds and the job allocated 16.13 GB of memory so far.
2026-09-09 11:11:21.415 INFO   [2B79E8\6EA668] Auto-routing pass #5 on board '8c2b94161825835de6d9f557bce17e41' was completed in 0.70 seconds with score 964.90 (2 unrouted and 0 violations), using 5.94 CPU seconds and the job allocated 17.97 GB of memory so far.
2026-09-09 11:11:21.978 INFO   [2B79E8\6EA668] Auto-routing pass #6 on board '1b5021f4b1ca8f31fe321b6bba4192fd' was completed in 0.52 seconds with score 982.45 (1 unrouted and 0 violations), using 5.94 CPU seconds and the job allocated 17.97 GB of memory so far.
2026-09-09 11:11:22.426 INFO   [2B79E8\6EA668] Auto-routing pass #7 on board 'b2f291ef32cdac9170e32f77d0a6b7a2' was completed in 0.37 seconds with score 964.91 (2 unrouted and 0 violations), using 6.70 CPU seconds and the job allocated 20.97 GB of memory so far.
2026-09-09 11:11:23.193 INFO   [2B79E8\6EA668] Auto-routing pass #8 on board 'b2f291ef32cdac9170e32f77d0a6b7a2' was completed in 0.00 seconds with score 982.45 (1 unrouted and 0 violations), using 6.70 CPU seconds and the job allocated 20.97 GB of memory so far.
2026-09-09 11:11:23.628 INFO   [2B79E8\6EA668] Auto-routing pass #9 on board 'b2f291ef32cdac9170e32f77d0a6b7a2' was completed in 0.38 seconds with score 964.91 (2 unrouted and 0 violations), using 7.44 CPU seconds and the job allocated 23.60 GB of memory so far.
2026-09-09 11:11:24.359 INFO   [2B79E8\6EA668] Auto-routing pass #10 on board '60536e3c876f211f5c3ebc193b3f826c' was completed in 0.68 seconds with score 947.36 (3 unrouted and 0 violations), using 8.17 CPU seconds and the job allocated 26.52 GB of memory so far.
2026-09-09 11:11:25.157 INFO   [2B79E8\6EA668] Auto-routing pass #11 on board '2002311371b3721ed15c7ee1a75e1657' was completed in 0.73 seconds with score 964.90 (2 unrouted and 0 violations), using 8.17 CPU seconds and the job allocated 26.52 GB of memory so far.
2026-09-09 11:11:25.760 INFO   [2B79E8\6EA668] Auto-routing pass #12 on board 'b2f291ef32cdac9170e32f77d0a6b7a2' was completed in 0.00 seconds with score 982.45 (1 unrouted and 0 violations), using 8.84 CPU seconds and the job allocated 29.36 GB of memory so far.
2026-09-09 11:11:26.073 INFO   [2B79E8\6EA668] Auto-routing pass #13 on board 'b2f291ef32cdac9170e32f77d0a6b7a2' was completed in 0.29 seconds with score 964.91 (2 unrouted and 0 violations), using 8.84 CPU seconds and the job allocated 29.36 GB of memory so far.
2026-09-09 11:11:26.659 INFO   [2B79E8\6EA668] Auto-routing pass #14 on board '60536e3c876f211f5c3ebc193b3f826c' was completed in 0.55 seconds with score 947.36 (3 unrouted and 0 violations), using 9.66 CPU seconds and the job allocated 32.47 GB of memory so far.
2026-09-09 11:11:27.024 INFO   [2B79E8\6EA668] Auto-routing pass #15 on board '4125b8b77afcbf1f623cdce9bf9d74bb' was completed in 0.33 seconds with score 964.91 (2 unrouted and 0 violations), using 9.66 CPU seconds and the job allocated 32.47 GB of memory so far.
2026-09-09 11:11:27.515 INFO   [2B79E8\6EA668] Auto-routing pass #16 on board 'b2f291ef32cdac9170e32f77d0a6b7a2' was completed in 0.00 seconds with score 982.45 (1 unrouted and 0 violations), using 10.55 CPU seconds and the job allocated 36.49 GB of memory so far.
2026-09-09 11:11:27.766 INFO   [2B79E8\6EA668] Auto-routing pass #17 on board 'b2f291ef32cdac9170e32f77d0a6b7a2' was completed in 0.23 seconds with score 964.91 (2 unrouted and 0 violations), using 10.55 CPU seconds and the job allocated 36.49 GB of memory so far.
2026-09-09 11:11:28.201 INFO   [2B79E8\6EA668] Auto-routing pass #18 on board '60536e3c876f211f5c3ebc193b3f826c' was completed in 0.41 seconds with score 947.36 (3 unrouted and 0 violations), using 10.55 CPU seconds and the job allocated 36.49 GB of memory so far.
2026-09-09 11:11:28.221 INFO   [2B79E8\6EA668] The router's best score (982.45) has not improved by more than 0.5 points since pass #8. Stopping the auto-router after 18 passes (1 item still unconnected).
The following connections could not be routed -- please review your design (e.g. check pad clearances, trace width rules, and available routing space):
  Net 'GND' (1 unrouted connection):
    - Q5-3  ->  J2-2
  Net 'Net-(A2-D3_INT1)' (1 unrouted connection):
    - A2-D3  ->  R3-2
  Net 'Analog_out' (1 unrouted connection):
    - J1-4  ->  U1-2
2026-09-09 11:11:28.283 INFO   [2B79E8\6EA668] Auto-routing stage completed: started with 52 unrouted nets, completed in 15.16 seconds, final score: 982.45 (1 unrouted and 0 violations), using 10.55 total CPU seconds, 36.49 GB total allocated, and 522.4 MB peak heap usage.
2026-09-09 11:11:28.304 INFO   [2B79E8\6EA668] Optimization stage started on board '55e89946131d7ba3435d4a3305d261fe' with score 964.91 (2 unrouted and 0 violations).
2026-09-09 11:11:29.886 INFO   [2B79E8\6EA668] Stopping optimization pass #1 early after 50 consecutive items could not be improved.
2026-09-09 11:11:29.901 INFO   [2B79E8\6EA668] Optimizer pass #1 on board 'a3c69d74b754e213a1de2adb7f378310' was completed in 1.54 seconds with the score of 964.91 (2 unrouted and 0 violations).
2026-09-09 11:11:29.912 INFO   [2B79E8\6EA668] Stopping optimizer because the improvement in this pass (0.0000%) is below the threshold (1.00%).
2026-09-09 11:11:29.922 INFO   [2B79E8\6EA668] Optimization stage completed: started with score 964.91 (2 unrouted and 0 violations), completed in 1.61 seconds, final score: 964.91 (2 unrouted and 0 violations), using 1.55 total CPU seconds, 10.01 GB total allocated, and 488.1 MB peak heap usage.
2026-09-09 11:11:29.932 INFO   [2B79E8\6EA668] Job '2B79E8\6EA668' finished with state: COMPLETED (elapsed: 16.88 seconds, finished at UTC: 2026-09-09T14:11:29.932503100Z).
2026-09-09 11:11:29.974 INFO   Saving output file 'C:\Users\juanc\OneDrive\Desktop\Work\Proyectos\placa lancha\redisenio\bottom.ses' (SES)...
2026-09-09 11:11:29.978 INFO   Successfully saved output file 'C:\Users\juanc\OneDrive\Desktop\Work\Proyectos\placa lancha\redisenio\bottom.ses' (24321 bytes).
